[hdtinchap.com/index]
[backblue.gif]
[fade.gif]
[index]
[hdtinchap.com/favicon.ico]
[cdn.jsdelivr.net/npm/bootstrap@5.2.3/dist/css/bootstrap.min.css]
[hdtinchap.com/build/assets/styles-eeb7fb8f.css]
[acs.f10.vn/uploads/images/Logo_website_01(1).png]
[hdtinchap.com/san-pham]
[hdtinchap.com/xe-may]
[hdtinchap.com/dien-may]
[hdtinchap.com/tien-mat]
[hdtinchap.com/ve-may-bay]
[hdtinchap.com/bao-hiem]
[hdtinchap.com/the-tin-dung]
[hdtinchap.com/san-pham-khac]
[hdtinchap.com/duyet-vay]
[hdtinchap.com/tin-tuc]
[acs.f10.vn/uploads/images/7-min.jpg]
[hdtinchap.com/dang-nhap]
[acs.f10.vn/uploads/images/2-min.jpg]
[acs.f10.vn/uploads/images/8-min.jpg]
[acs.f10.vn/uploads/images/4-min.jpg]
[acs.f10.vn/uploads/images/9-min.jpg]
[acs.f10.vn/uploads/images/11.jpg]
[acs.f10.vn/uploads/images/13-min.jpg]
[acs.f10.vn/uploads/images/3.jpg]
[acs.f10.vn/uploads/images/14-min.jpg]
[acs.f10.vn/uploads/images/15-min.jpg]
[acs.f10.vn/uploads/images/ONLINE__honda_t1_01-min.jpg]
[acs.f10.vn/uploads/images/20-min.png]
[acs.f10.vn/uploads/images/10.jpg]
[acs.f10.vn/uploads/images/12-min.jpg]
[acs.f10.vn/uploads/images/16-min.jpg]
[acs.f10.vn/uploads/images/21-min.jpg]
[acs.f10.vn/uploads/images/22-min.jpg]
[acs.f10.vn/uploads/images/23-min.jpg]
[acs.f10.vn/uploads/images/24-min.jpg]
[acs-admin.f10.vn/userfiles/images/products/logo1.png]
[acs-admin.f10.vn/userfiles/images/products/logo2.png]
[acs-admin.f10.vn/userfiles/images/products/logo3.png]
[acs-admin.f10.vn/userfiles/images/products/logo4.png]
[acs-admin.f10.vn/userfiles/images/products/logo5.png]
[hdtinchap.com/build/assets/yourneeds-5cd3aa56.js]
[hdtinchap.com/build/assets/imgfrm-a271277d.jpg]
[hdtinchap.com/tin-tuc/cong-nhan-hung-yen-doi-sang-van-do-bo-tin-dung-den]
[hdtinchap.com/tin-tuc/tang-500-trieu-dong-ho-tro-cong-nhan-tai-an-giang-tranh-xa-tin-dung-den]
[acs.f10.vn/uploads/images/ONLINE_HBM_03.jpg]
[hdtinchap.com/tin-tuc/canh-bao-rui-ro-lua-dao-va-mao-danh-cong-ty-tai-chinh]
[acs.f10.vn/uploads/images/2000x1125.jpg]
[hdtinchap.com/tin-tuc/thay-gi-qua-goi-vay-khong-lai-suat]
[acs.f10.vn/uploads/images/2000X1125_v2_02.jpg]
[hdtinchap.com/tin-tuc/he-ruc-ro-uu-dai-bat-ngo-den-300k-cung-the-hd-saison-tai-lazada]
[acs.f10.vn/uploads/images/2000x1125_03_resize.jpg]
[hdtinchap.com/tin-tuc/so-huu-xe-may-voi-uu-dai-phi-lai-suat-tu-hd-saison]
[acs.f10.vn/uploads/images/2000x1125_02_resize.jpg]
[acs.f10.vn/uploads/images/ONLINE_noi_that_02.jpg]
[hdtinchap.com/tin-tuc/dai-dien-hd-saison-nhan-giai-thuong-top-50-doanh-nghiep-loi-nhuan-xuat-sac-viet-nam]
[acs.f10.vn/uploads/images/Hinh_minh_hoa_1.jpg]
[acs.f10.vn/uploads/images/z3877448547026_56b618ab2da50a671220f0bc91af9934.jpg]
[acs-admin.f10.vn/userfiles/images/customer/fb-a-1.png]
[acs-admin.f10.vn/userfiles/images/customer/fb-a-2.png]
[acs-admin.f10.vn/userfiles/images/customer/fb-a-3.png]
[acs-admin.f10.vn/userfiles/images/partners/logo_dmcl_2.png]
[acs-admin.f10.vn/userfiles/images/partners/NKIM_100.png]
[acs-admin.f10.vn/userfiles/images/partners/logo_sapa.png]
[acs-admin.f10.vn/userfiles/images/partners/suzuki.jpg]
[acs-admin.f10.vn/userfiles/images/partners/logo_TH.png]
[acs-admin.f10.vn/userfiles/images/partners/logo_mediamart_.png]
[acs-admin.f10.vn/userfiles/images/partners/fpt_shop.png]
[acs-admin.f10.vn/userfiles/images/partners/logo_Tien_Thu.jpg]
[acs-admin.f10.vn/userfiles/images/partners/logo_DT_1.png]
[hdtinchap.com/gioi-thieu]
[hdtinchap.com/tuyen-dung]
[hdtinchap.com/giai-dap-thac-mac]
[hdtinchap.com/gop-y-cua-khach-hang]
[hdtinchap.com/dieu-khoan-su-dung-website]
[hdtinchap.com/nhung-dieu-can-biet-ve-cho-vay-tieu-dung]
[hdtinchap.com/dang-ky-tro-thanh-doi-tac-cua-acs-viet-nam]
[hdtinchap.com/gop-y-phan-anh-khieu-nai-chat-luong-dich-vu]
[hdtinchap.com/chinh-sach-thu-thap-su-dung-va-bao-mat-thong-tin]
[hdtinchap.com/lien-he]
[code.jquery.com/jquery-3.7.0.min.js]
[hdtinchap.com/index]
[cdn.jsdelivr.net/npm/bootstrap@5.2.3/dist/css/bootstrap.min.css]
[hdtinchap.com/build/assets/app-661284e4.js]
[hdtinchap.com/build/assets/web_01-60fca8d5.jpg]
[hdtinchap.com/build/assets/quote-b621ca52.png]
[hdtinchap.com/build/assets/styles-eeb7fb8f.css]
[hdtinchap.com/san-pham]
[hdtinchap.com/xe-may]
[hdtinchap.com/dien-may]
[hdtinchap.com/tien-mat]
[hdtinchap.com/ve-may-bay]
[hdtinchap.com/bao-hiem]
[hdtinchap.com/the-tin-dung]
[hdtinchap.com/san-pham-khac]
[hdtinchap.com/duyet-vay]
[hdtinchap.com/build/assets/loadMoreNews-be9fab5d.js]
[hdtinchap.com/tin-tuc]
[hdtinchap.com/dang-ky]
[hdtinchap.com/dang-nhap]
[acs.f10.vn/uploads/images/4]
[hdtinchap.com/tin-tuc/xe-may]
[hdtinchap.com/tin-tuc/dien-may]
[hdtinchap.com/tin-tuc/tien-mat]
[hdtinchap.com/tin-tuc/ve-may-bay]
[hdtinchap.com/tin-tuc/bao-hiem]
[hdtinchap.com/tin-tuc/the-tin-dung]
[hdtinchap.com/tin-tuc/san-pham-khac]
[hdtinchap.com/tin-tuc/cong-nhan-hung-yen-doi-sang-van-do-bo-tin-dung-den]
[acs.f10.vn/uploads/images/13]
[hdtinchap.com/tin-tuc/tang-500-trieu-dong-ho-tro-cong-nhan-tai-an-giang-tranh-xa-tin-dung-den]
[hdtinchap.com/tin-tuc/canh-bao-rui-ro-lua-dao-va-mao-danh-cong-ty-tai-chinh]
[hdtinchap.com/tin-tuc/thay-gi-qua-goi-vay-khong-lai-suat]
[hdtinchap.com/tin-tuc/he-ruc-ro-uu-dai-bat-ngo-den-300k-cung-the-hd-saison-tai-lazada]
[hdtinchap.com/tin-tuc/so-huu-xe-may-voi-uu-dai-phi-lai-suat-tu-hd-saison]
[hdtinchap.com/tin-tuc/dai-dien-hd-saison-nhan-giai-thuong-top-50-doanh-nghiep-loi-nhuan-xuat-sac-viet-nam]
[acs.f10.vn/uploads/images/z3877579752426_c96bd09e39f64cb1ddd189e54a82a63e]
[hdtinchap.com/gioi-thieu]
[hdtinchap.com/tuyen-dung]
[hdtinchap.com/giai-dap-thac-mac]
[hdtinchap.com/gop-y-cua-khach-hang]
[hdtinchap.com/dieu-khoan-su-dung-website]
[hdtinchap.com/nhung-dieu-can-biet-ve-cho-vay-tieu-dung]
[hdtinchap.com/dang-ky-tro-thanh-doi-tac-cua-acs-viet-nam]
[hdtinchap.com/gop-y-phan-anh-khieu-nai-chat-luong-dich-vu]
[hdtinchap.com/chinh-sach-thu-thap-su-dung-va-bao-mat-thong-tin]
[hdtinchap.com/build/assets/contact-us-banner-1-1909b736.jpg]
[hdtinchap.com/lien-he]
[hdtinchap.com/dang-ky]
[hdtinchap.com/tin-tuc/xe-may]
[hdtinchap.com/tin-tuc/dien-may]
[hdtinchap.com/tin-tuc/tien-mat]
[hdtinchap.com/tin-tuc/ve-may-bay]
[hdtinchap.com/tin-tuc/bao-hiem]
[hdtinchap.com/tin-tuc/the-tin-dung]
[hdtinchap.com/tin-tuc/san-pham-khac]
